
== A. log.json
           id                species   group hab_depth  range_depth model_date obissdm n_init n_fit n_eval                                                            results runtime_min
137205 137205        Caretta caretta  others depthmean -9204.9727,0 2025-05-22   1.2.0  80012  1160     13 maxent=succeeded;rf=succeeded;xgboost=succeeded;ensemble=succeeded    401.0374
137206 137206         Chelonia mydas  others depthmean -6864.6665,0 2025-05-23   1.2.0  17305  5913     11 maxent=succeeded;rf=succeeded;xgboost=succeeded;ensemble=succeeded    840.8937
137209 137209   Dermochelys coriacea  others depthsurf      -8880,0 2025-06-25   1.2.0  16752  7600     13 maxent=succeeded;rf=succeeded;xgboost=succeeded;ensemble=succeeded   1200.4000
137207 137207 Eretmochelys imbricata  others depthmean -5550.6665,0 2025-06-23   1.2.0   5681  2130     11 maxent=succeeded;rf=succeeded;xgboost=succeeded;ensemble=succeeded    412.5705
137208 137208    Lepidochelys kempii  others depthmean -5385.2778,0 2025-05-22   1.2.0   2832  1108     13 maxent=succeeded;rf=succeeded;xgboost=succeeded;ensemble=succeeded    187.1376
220293 220293  Lepidochelys olivacea  others depthmean -8535.3887,0 2025-05-22   1.2.0   7591  2016     14 maxent=succeeded;rf=succeeded;xgboost=succeeded;ensemble=succeeded    448.9771
159023 159023    Eubalaena glacialis mammals depthsurf -3619.1667,0 2025-05-22   1.2.0   2923   289     24 maxent=succeeded;rf=succeeded;xgboost=succeeded;ensemble=succeeded    101.6300

log top-level names:
 [1] "taxonID"               "scientificName"        "group"                 "hab_depth"             "range_depth"           "model_date"            "model_acro"            "n_init_points"         "model_fit_points"      "model_eval_points"    
[11] "algorithms"            "algorithms_parameters" "model_result"          "model_bestparams"      "model_details"         "model_good"            "model_good_metric"     "model_good_threshold"  "model_posteval"        "model_uncertainty"    
[21] "other_details"         "timings"               "obissdm_version"      
variables (right whale):  
137205 vars:  | fit_n: 1160 
137206 vars:  | fit_n: 5913 
137209 vars:  | fit_n: 7600 
137207 vars:  | fit_n: 2130 
137208 vars:  | fit_n: 1108 
220293 vars:  | fit_n: 2016 
159023 vars:  | fit_n: 289 
Warning messages:
1: In data.frame(..., check.names = FALSE) :
  row names were found from a short variable and have been discarded
2: In data.frame(..., check.names = FALSE) :
  row names were found from a short variable and have been discarded
3: In data.frame(..., check.names = FALSE) :
  row names were found from a short variable and have been discarded
4: In data.frame(..., check.names = FALSE) :
  row names were found from a short variable and have been discarded
5: In data.frame(..., check.names = FALSE) :
  row names were found from a short variable and have been discarded
6: In data.frame(..., check.names = FALSE) :
  row names were found from a short variable and have been discarded
7: In data.frame(..., check.names = FALSE) :
  row names were found from a short variable and have been discarded

== B. thresholds (0-1 scale as stored)
       id                species    model  p10  mtp max_kappa max_spec_sens no_omission equal_prevalence equal_sens_spec
1  137205        Caretta caretta   maxent 0.41 0.28     0.833         0.480        0.28             0.03           0.520
2  137205        Caretta caretta       rf 0.75 0.61     0.835         0.699        0.61             0.01           0.718
3  137205        Caretta caretta  xgboost 0.47 0.13     0.784         0.509        0.13             0.01           0.590
4  137205        Caretta caretta ensemble 0.53 0.28     0.843         0.510        0.28             0.01           0.589
5  137206         Chelonia mydas   maxent 0.13 0.02     0.740         0.300        0.02             0.04           0.200
6  137206         Chelonia mydas       rf 0.80 0.58     0.900         0.630        0.58             0.04           0.740
7  137206         Chelonia mydas  xgboost 0.53 0.01     0.860         0.450        0.01             0.04           0.550
8  137206         Chelonia mydas ensemble 0.53 0.05     0.874         0.440        0.05             0.04           0.520
9  137209   Dermochelys coriacea   maxent 0.49 0.15     0.750         0.510        0.15             0.05           0.578
10 137209   Dermochelys coriacea       rf 0.77 0.60     0.790         0.720        0.60             0.05           0.730
11 137209   Dermochelys coriacea  xgboost 0.49 0.04     0.760         0.520        0.04             0.05           0.580
12 137209   Dermochelys coriacea ensemble 0.57 0.27     0.710         0.550        0.27             0.05           0.600
13 137207 Eretmochelys imbricata   maxent 0.12 0.03     0.804         0.286        0.03             0.02           0.198
14 137207 Eretmochelys imbricata       rf 0.77 0.60     0.939         0.611        0.60             0.02           0.700
15 137207 Eretmochelys imbricata  xgboost 0.53 0.04     0.920         0.420        0.04             0.02           0.473
16 137207 Eretmochelys imbricata ensemble 0.54 0.05     0.930         0.383        0.05             0.02           0.451
17 137208    Lepidochelys kempii   maxent 0.19 0.00     0.654         0.104        0.00             0.04           0.157
18 137208    Lepidochelys kempii       rf 0.88 0.58     0.945         0.600        0.58             0.04           0.695
19 137208    Lepidochelys kempii  xgboost 0.27 0.00     0.304         0.097        0.00             0.04           0.086
20 137208    Lepidochelys kempii ensemble 0.31 0.00     0.579         0.163        0.00             0.04           0.191
21 220293  Lepidochelys olivacea   maxent 0.25 0.01     0.808         0.350        0.01             0.02           0.370
22 220293  Lepidochelys olivacea       rf 0.77 0.58     0.910         0.630        0.58             0.02           0.720
23 220293  Lepidochelys olivacea  xgboost 0.54 0.07     0.880         0.491        0.07             0.02           0.578
24 220293  Lepidochelys olivacea ensemble 0.55 0.13     0.872         0.470        0.13             0.02           0.560
25 159023    Eubalaena glacialis   maxent 0.41 0.00     0.760         0.340        0.00             0.02           0.390
26 159023    Eubalaena glacialis       rf 0.82 0.60     0.970         0.600        0.60             0.02           0.720
27 159023    Eubalaena glacialis  xgboost 0.86 0.41     0.860         0.550        0.41             0.02           0.690
28 159023    Eubalaena glacialis ensemble 0.82 0.41     0.940         0.548        0.41             0.02           0.660
There were 28 warnings (use warnings() to see them)

cvmetrics columns:
 [1] "auc"          "cbi"          "pr"           "prg"          "tss_maxsss"   "spec_maxsss"  "sens_maxsss"  "kap_maxsss"   "fmeas_maxsss" "opr_maxsss"   "upr_maxsss"   "tss_mtp"      "spec_mtp"     "sens_mtp"     "kap_mtp"      "fmeas_mtp"   
[17] "opr_mtp"      "upr_mtp"      "tss_p10"      "spec_p10"     "sens_p10"     "kap_p10"      "fmeas_p10"    "opr_p10"      "upr_p10"      "what"         "origin"      
rows per file:
      
       avg_eval avg_fit eval_data fit_data
  full        0       0         7        7
  mean        7      35         0        0
  sd          7      35         0        0

cvmetrics mean over avg_fit rows (CV-train/fit), per method:
# A tibble: 7 × 15
  id     species                method     auc   cbi tss_maxsss sens_maxsss spec_maxsss kap_maxsss tss_p10 sens_p10 spec_p10 kap_p10 tss_mtp spec_mtp
  <chr>  <chr>                  <chr>    <dbl> <dbl>      <dbl>       <dbl>       <dbl>      <dbl>   <dbl>    <dbl>    <dbl>   <dbl>   <dbl>    <dbl>
1 137205 Caretta caretta        ensemble  0.76  0.97       0.42        0.79        0.63       0.02    0.37     0.9      0.47    0.01    0.2      0.2 
2 137206 Chelonia mydas         ensemble  0.88  0.99       0.65        0.81        0.84       0.25    0.57     0.9      0.67    0.16    0.11     0.11
3 137207 Eretmochelys imbricata ensemble  0.9   0.92       0.69        0.84        0.85       0.2     0.62     0.9      0.73    0.13    0.19     0.19
4 137208 Lepidochelys kempii    ensemble  0.94  0.82       0.78        0.86        0.92       0.4     0.7      0.9      0.81    0.29    0.28     0.28
5 137209 Dermochelys coriacea   ensemble  0.74  0.9        0.4         0.89        0.51       0.08    0.38     0.9      0.48    0.07    0.26     0.26
6 159023 Eubalaena glacialis    ensemble  0.89  0.58       0.73        0.92        0.82       0.14    0.65     0.87     0.78    0.13    0.47     0.47
7 220293 Lepidochelys olivacea  ensemble  0.83  0.95       0.54        0.75        0.79       0.11    0.47     0.9      0.57    0.06    0.08     0.08

cvmetrics avg_eval (held-out):
      id                species   method  auc   cbi tss_maxsss sens_maxsss spec_maxsss kap_maxsss tss_p10 sens_p10 spec_p10 kap_p10 tss_mtp spec_mtp
1 137205        Caretta caretta ensemble 0.83  0.56       0.70        0.97        0.72       0.42    0.60     0.87     0.73    0.39    0.67     0.67
2 137206         Chelonia mydas ensemble 0.88  0.38       0.67        0.73        0.94       0.58    0.49     0.91     0.58    0.18    0.44     0.44
3 137209   Dermochelys coriacea ensemble 0.94  0.78       0.77        0.95        0.82       0.44    0.68     0.85     0.83    0.42    0.71     0.71
4 137207 Eretmochelys imbricata ensemble 0.61 -0.12       0.27        0.73        0.55       0.10    0.24     0.91     0.33    0.06    0.30     0.30
5 137208    Lepidochelys kempii ensemble 0.98  0.70       0.92        1.00        0.92       0.68    0.81     0.85     0.97    0.75    0.92     0.92
6 220293  Lepidochelys olivacea ensemble 1.00  0.60       0.98        1.00        0.98       0.92    0.85     0.86     0.99    0.88    0.99     0.99
7 159023    Eubalaena glacialis ensemble 0.99  0.66       0.98        1.00        0.98       0.89    0.88     0.89     0.99    0.89    0.98     0.98
done 137205 
done 137206 
done 137209 
done 137207 
done 137208 
done 220293 
done 159023 

== threshold sanity (ensemble value at fit points vs p10*100)
     id                species n_fit n_fit_valid q10_value_at_fit p10_x100   q05 median frac_fit_ge_mtp frac_fit_ge_p10 frac_fit_ge_maxsss
 137205        Caretta caretta  1160        1160             53.0       53 47.00     71               1             0.9               0.92
 137206         Chelonia mydas  5913        5913             53.0       53 39.00     90               1             0.9               0.94
 137209   Dermochelys coriacea  7600        7600             57.0       57 53.00     72               1             0.9               0.94
 137207 Eretmochelys imbricata  2130        2130             53.9       54 34.45     94               1             0.9               0.94
 137208    Lepidochelys kempii  1108        1108             31.7       31 20.00     85               1             0.9               0.96
 220293  Lepidochelys olivacea  2016        2016             55.0       55 45.75     85               1             0.9               0.95
 159023    Eubalaena glacialis   289         289             82.0       82 68.00     95               1             0.9               1.00

== C. region counts
                species region  n_valid    n_gt0 n_ge_mtp n_ge_p10 n_ge_maxsss max_val
        Caretta caretta ALASKA   399549   383090   226003    64000       69934      79
        Caretta caretta   GULF    67113    67113    67091    64314       65081      93
        Caretta caretta    ATL   100041   100041   100029    98158       98547      93
        Caretta caretta GLOBAL 17072105 14540922  7683329  3594664     3902761      93
         Chelonia mydas ALASKA   399549   289096   162881      922        2912      74
         Chelonia mydas   GULF    67113    67113    67113    55693       66147      99
         Chelonia mydas    ATL   100041   100041    99821    36955       40571      99
         Chelonia mydas GLOBAL 17072105 11989368  8032387  1330597     1633376      99
   Dermochelys coriacea ALASKA   399549   117979     6593      409         529      83
   Dermochelys coriacea   GULF    67113    67113    57458    37614       38611      95
   Dermochelys coriacea    ATL   100041   100041    98642    66210       74781      98
   Dermochelys coriacea GLOBAL 17072105 10262105  7878683  3077773     3500101      98
 Eretmochelys imbricata ALASKA   399549   370027   219575       25         984      73
 Eretmochelys imbricata   GULF    67113    67113    67113    35636       52499      99
 Eretmochelys imbricata    ATL   100041   100041    87615    12226       18800      99
 Eretmochelys imbricata GLOBAL 17072105 14559262 10512228   658683     1062398      99
    Lepidochelys kempii ALASKA   399549   283467   399549      669       12431      72
    Lepidochelys kempii   GULF    67113    52336    67113    13539       16508      98
    Lepidochelys kempii    ATL   100041    84405   100041    17825       27082      99
    Lepidochelys kempii GLOBAL 17072105  3610757 17072105   177658      308449      99
  Lepidochelys olivacea ALASKA   399549   318690    87771     2491        7687      93
  Lepidochelys olivacea   GULF    67113    67108    41701    11752       15448      98
  Lepidochelys olivacea    ATL   100041    46509    13002     4140        5214      94
  Lepidochelys olivacea GLOBAL 17072105 12863930  5335672  1126795     1480916      99
    Eubalaena glacialis ALASKA   399549   146519    27870     1043       12714      96
    Eubalaena glacialis   GULF    67113    49488     8882      487        4182      95
    Eubalaena glacialis    ATL   100041    49750    21346    14166       18732      98
    Eubalaena glacialis GLOBAL 17072105  5953195   517861    94453      303678      99

== C. uncertainty inside vs outside >= p10
                species region    n_in    n_out sd_ens_in sd_ens_out bootsd_in bootsd_out sd_ens_in_q90 mean_val_in
        Caretta caretta ALASKA   64000   335549      9.44      11.62      3.24       2.78          15.0       62.25
        Caretta caretta   GULF   64314     2799      7.50      11.80      3.11       3.83          13.0       71.92
        Caretta caretta    ATL   98158     1883      6.20      16.14      3.30       4.78          12.0       73.36
        Caretta caretta GLOBAL 3594664 13477441      7.91      11.31      3.60       2.20          14.0       66.01
         Chelonia mydas ALASKA     922   398627      8.96       5.72      6.21       1.49          15.0       57.56
         Chelonia mydas   GULF   55693    11420      5.85       8.04      2.19       4.62          13.0       77.95
         Chelonia mydas    ATL   36955    63086     10.67       7.33      2.77       5.36          26.0       80.39
         Chelonia mydas GLOBAL 1330597 15741508     11.12       4.61      2.84       1.42          25.0       76.63
   Dermochelys coriacea ALASKA     409   399140     10.65       5.88      3.76       0.42          16.0       62.69
   Dermochelys coriacea   GULF   37614    29499      7.26      20.42      3.26       4.77          15.0       77.40
   Dermochelys coriacea    ATL   66210    33831      9.59      12.71      2.97       3.94          19.0       75.86
   Dermochelys coriacea GLOBAL 3077773 13994332      8.75       8.50      2.90       1.49          17.0       67.10
 Eretmochelys imbricata ALASKA      25   399524     12.00       5.69      4.40       1.20          16.6       57.72
 Eretmochelys imbricata   GULF   35636    31477     10.94      13.20      2.74       4.31          28.0       78.82
 Eretmochelys imbricata    ATL   12226    87815      8.13       5.30      3.24       3.39          25.0       75.24
 Eretmochelys imbricata GLOBAL  658683 16413422     11.42       6.23      2.87       1.44          25.0       78.43
    Lepidochelys kempii ALASKA     669   398880     16.13       4.30      2.74       0.56          23.0       37.57
    Lepidochelys kempii   GULF   13539    53574     15.37       4.99      3.53       1.09          27.0       76.24
    Lepidochelys kempii    ATL   17825    82216     16.75       6.82      3.89       1.36          28.0       66.23
    Lepidochelys kempii GLOBAL  177658 16894447     19.40       2.16      4.15       0.34          28.0       59.64
  Lepidochelys olivacea ALASKA    2491   397058     14.68      10.20      5.70       1.95          19.0       61.77
  Lepidochelys olivacea   GULF   11752    55361      8.96       7.63      6.32       3.45          15.0       68.77
  Lepidochelys olivacea    ATL    4140    95901      9.51       3.99      6.40       0.87          15.0       68.29
  Lepidochelys olivacea GLOBAL 1126795 15945310     10.35       8.09      4.18       1.97          20.0       74.23
    Eubalaena glacialis ALASKA    1043   398506      3.54       3.37      8.11       1.71           7.0       88.04
    Eubalaena glacialis   GULF     487    66626     17.81       6.26      5.67       3.13          22.0       86.74
    Eubalaena glacialis    ATL   14166    85875      7.78       4.42      1.90       2.50          17.0       92.65
    Eubalaena glacialis GLOBAL   94453 16977652      6.91       2.65      3.39       1.21          17.0       90.40

== C. mask share of ALL valid region cells (per band)
# A tibble: 28 × 9
   species              region native_ecoregions fit_ecoregions fit_region fit_region_max_depth convex_hull minbounding_circle buffer100m
   <chr>                <chr>              <dbl>          <dbl>      <dbl>                <dbl>       <dbl>              <dbl>      <dbl>
 1 Caretta caretta      ALASKA             0.621          0.621      0.621                0.621       0                  0.172      0    
 2 Caretta caretta      GULF               1              1          1                    1           1                  1          0.375
 3 Caretta caretta      ATL                1              1          1                    1           1                  0.992      0.434
 4 Caretta caretta      GLOBAL             0.837          0.837      0.837                0.837       0.491              0.739      0.082
 5 Chelonia mydas       ALASKA             0.621          0.621      0.617                0.617       0                  0.342      0    
 6 Chelonia mydas       GULF               1              1          1                    1           1                  0.998      0.788
 7 Chelonia mydas       ATL                1              1          1                    1           1                  1          0.5  
 8 Chelonia mydas       GLOBAL             0.842          0.842      0.841                0.841       0.562              0.627      0.08 
 9 Dermochelys coriacea ALASKA             0.621          0.621      0.621                0.621       0.049              0.427      0.003
10 Dermochelys coriacea GULF               1              1          1                    1           1                  0.434      0.607
# ℹ 18 more rows

== C. mask: n >=p10 cells admitted / n >=p10 cells
# A tibble: 21 × 9
   species                region native_ecoregions fit_ecoregions fit_region  fit_region_max_depth convex_hull minbounding_circle buffer100m 
   <chr>                  <chr>  <chr>             <chr>          <chr>       <chr>                <chr>       <chr>              <chr>      
 1 Caretta caretta        ALASKA 63993/64000       63993/64000    63993/64000 63993/64000          2/64000     4530/64000         0/64000    
 2 Caretta caretta        GULF   64314/64314       64314/64314    64314/64314 64314/64314          64314/64314 64314/64314        24685/64314
 3 Caretta caretta        ATL    98158/98158       98158/98158    98158/98158 98158/98158          98158/98158 97573/98158        42558/98158
 4 Chelonia mydas         ALASKA 922/922           922/922        922/922     922/922              0/922       787/922            0/922      
 5 Chelonia mydas         GULF   55693/55693       55693/55693    55693/55693 55693/55693          55693/55693 55557/55693        47459/55693
 6 Chelonia mydas         ATL    36955/36955       36955/36955    36955/36955 36955/36955          36955/36955 36955/36955        32629/36955
 7 Dermochelys coriacea   ALASKA 409/409           409/409        409/409     409/409              356/409     402/409            0/409      
 8 Dermochelys coriacea   GULF   37614/37614       37614/37614    37614/37614 37614/37614          37614/37614 4887/37614         32057/37614
 9 Dermochelys coriacea   ATL    66210/66210       66210/66210    66210/66210 66210/66210          66210/66210 12022/66210        48458/66210
10 Eretmochelys imbricata ALASKA 24/25             24/25          24/25       24/25                0/25        6/25               0/25       
# ℹ 11 more rows

== D. fit occurrences
                species total ALASKA GULF ATL elsewhere
        Caretta caretta  1160      0   23  37      1101
         Chelonia mydas  5913      0  254 410      5268
   Dermochelys coriacea  7600      1  227 405      6975
 Eretmochelys imbricata  2130      0  108  58      1969
    Lepidochelys kempii  1108      0  380 550       197
  Lepidochelys olivacea  2016      0    2   1      2014
    Eubalaena glacialis   289      0    8 160       125

== fit-point share admitted by each mask band
                      species fit_ecoregions fit_region fit_region_max_depth convex_hull minbounding_circle buffer100m
137205        Caretta caretta              1          1                    1           1              0.892          1
137206         Chelonia mydas              1          1                    1           1              0.574          1
137209   Dermochelys coriacea              1          1                    1           1              0.494          1
137207 Eretmochelys imbricata              1          1                    1           1              0.599          1
137208    Lepidochelys kempii              1          1                    1           1              0.995          1
220293  Lepidochelys olivacea              1          1                    1           1              0.439          1
159023    Eubalaena glacialis              1          1                    1           1              0.993          1

== cost table: cells >= threshold (x mask band admitted)
                           species region    thr   none native_ecoregions fit_ecoregions fit_region fit_region_max_depth convex_hull minbounding_circle buffer100m sd_le_10 sd_le_5
137205...1         Caretta caretta ALASKA    mtp 226003            218050         218050     218050               218050          56              16490          0    90139   28119
137205...2         Caretta caretta ALASKA    p10  64000             63993          63993      63993                63993           2               4530          0    35301   14703
137205...3         Caretta caretta ALASKA maxsss  69934             69920          69920      69920                69920           5               5063          0    38773   16186
137205...4         Caretta caretta   GULF    mtp  67091             67091          67091      67091                67091       67091              67091      25155    51857   24032
137205...5         Caretta caretta   GULF    p10  64314             64314          64314      64314                64314       64314              64314      24685    50318   24000
137205...6         Caretta caretta   GULF maxsss  65081             65081          65081      65081                65081       65081              65081      24820    50764   24030
137205...7         Caretta caretta    ATL    mtp 100029            100029         100029     100029               100029      100029              99233      43412    83235   53911
137205...8         Caretta caretta    ATL    p10  98158             98158          98158      98158                98158       98158              97573      42558    82544   53815
137205...9         Caretta caretta    ATL maxsss  98547             98547          98547      98547                98547       98547              97944      42735    82770   53873
137206...10         Chelonia mydas ALASKA    mtp 162881            147088         147088     147088               147088           0              66675          0   127962   45168
137206...11         Chelonia mydas ALASKA    p10    922               922            922        922                  922           0                787          0      559     260
137206...12         Chelonia mydas ALASKA maxsss   2912              2889           2889       2889                 2889           0               2254          0     1518     611
137206...13         Chelonia mydas   GULF    mtp  67113             67113          67113      67113                67113       67113              66977      52882    54318   34996
137206...14         Chelonia mydas   GULF    p10  55693             55693          55693      55693                55693       55693              55557      47459    45631   32227
137206...15         Chelonia mydas   GULF maxsss  66147             66147          66147      66147                66147       66147              66011      51994    53764   34880
137206...16         Chelonia mydas    ATL    mtp  99821             99821          99821      99821                99821       99821              99821      50007    73278   41328
137206...17         Chelonia mydas    ATL    p10  36955             36955          36955      36955                36955       36955              36955      32629    23254   16137
137206...18         Chelonia mydas    ATL maxsss  40571             40571          40571      40571                40571       40571              40571      34812    24245   16312
137209...19   Dermochelys coriacea ALASKA    mtp   6593              5133           5133       5133                 5133        4533               6441         28     4025    1412
137209...20   Dermochelys coriacea ALASKA    p10    409               409            409        409                  409         356                402          0      238       4
137209...21   Dermochelys coriacea ALASKA maxsss    529               529            529        529                  529         459                521          1      295      13
137209...22   Dermochelys coriacea   GULF    mtp  57458             57458          57458      57458                57458       57458              19550      39272    28507   17958
137209...23   Dermochelys coriacea   GULF    p10  37614             37614          37614      37614                37614       37614               4887      32057    28419   17957
137209...24   Dermochelys coriacea   GULF maxsss  38611             38611          38611      38611                38611       38611               5414      32664    28439   17957
137209...25   Dermochelys coriacea    ATL    mtp  98642             98642          98642      98642                98642       98642              12037      60834    53310   29328
137209...26   Dermochelys coriacea    ATL    p10  66210             66210          66210      66210                66210       66210              12022      48458    39336   25106
137209...27   Dermochelys coriacea    ATL maxsss  74781             74781          74781      74781                74781       74781              12027      51747    42726   26505
137207...28 Eretmochelys imbricata ALASKA    mtp 219575             92647          92647      92641                92640           0              50170          0   151668   86660
137207...29 Eretmochelys imbricata ALASKA    p10     25                24             24         24                   24           0                  6          0       12       2
137207...30 Eretmochelys imbricata ALASKA maxsss    984               691            691        691                  691           0                378          0      419      55
137207...31 Eretmochelys imbricata   GULF    mtp  67113             67113          67113      67074                67065       67113              67113      38709    27526   16299
137207...32 Eretmochelys imbricata   GULF    p10  35636             35636          35636      35597                35588       35636              35636      24875    21117   14728
137207...33 Eretmochelys imbricata   GULF maxsss  52499             52499          52499      52460                52451       52499              52499      33798    22624   14837
137207...34 Eretmochelys imbricata    ATL    mtp  87615             87615          87615      86196                85509       87615              87615      24778    72021   53179
137207...35 Eretmochelys imbricata    ATL    p10  12226             12226          12226      12226                12226       12226              12226       7769     9105    6600
137207...36 Eretmochelys imbricata    ATL maxsss  18800             18800          18800      18800                18800       18800              18800      11441    12115    8009
137208...37    Lepidochelys kempii ALASKA    mtp 399549                 0              0          0                    0           0                  0          0   376934  287904
137208...38    Lepidochelys kempii ALASKA    p10    669                 0              0          0                    0           0                  0          0       61       0
137208...39    Lepidochelys kempii ALASKA maxsss  12431                 0              0          0                    0           0                  0          0     4691       0
137208...40    Lepidochelys kempii   GULF    mtp  67113             67113          67113      67049                67038       67062              67052      26140    49350   40153
137208...41    Lepidochelys kempii   GULF    p10  13539             13539          13539      13539                13539       13490              13478      12879     5168    1787
137208...42    Lepidochelys kempii   GULF maxsss  16508             16508          16508      16508                16508       16457              16447      15145     5550    1788
137208...43    Lepidochelys kempii    ATL    mtp 100041            100041         100041      92195                86960       98884             100041      38376    67915   55140
137208...44    Lepidochelys kempii    ATL    p10  17825             17825          17825      17825                17825       17595              17825      16073     5258    2299
137208...45    Lepidochelys kempii    ATL maxsss  27082             27082          27082      27082                27082       26624              27082      23704     5398    2299
220293...46  Lepidochelys olivacea ALASKA    mtp  87771             76406          76406      76406                76406           0              45114          0    37802    8439
220293...47  Lepidochelys olivacea ALASKA    p10   2491              2226           2226       2226                 2226           0                749          0      208       1
220293...48  Lepidochelys olivacea ALASKA maxsss   7687              7366           7366       7366                 7366           0               3627          0     1371      21
220293...49  Lepidochelys olivacea   GULF    mtp  41701             41701          41701      41701                41701       41701                343       1235    30642   12129
220293...50  Lepidochelys olivacea   GULF    p10  11752             11752          11752      11752                11752       11752                176        629     7792    3112
220293...51  Lepidochelys olivacea   GULF maxsss  15448             15448          15448      15448                15448       15448                203        701    10155    3945
220293...52  Lepidochelys olivacea    ATL    mtp  13002             13002          13002      13002                13002       13002               6888        905     9410    4977
220293...53  Lepidochelys olivacea    ATL    p10   4140              4140           4140       4140                 4140        4140               1212        452     2377    1042
220293...54  Lepidochelys olivacea    ATL maxsss   5214              5214           5214       5214                 5214        5214               1874        499     3128    1340
159023...55    Eubalaena glacialis ALASKA    mtp  27870                 0              0          0                    0           0                  0          0    15498    4920
159023...56    Eubalaena glacialis ALASKA    p10   1043                 0              0          0                    0           0                  0          0     1005     804
159023...57    Eubalaena glacialis ALASKA maxsss  12714                 0              0          0                    0           0                  0          0     9259    3422
159023...58    Eubalaena glacialis   GULF    mtp   8882              8882           8882       8882                 8882        5421               6162       1300     4091    1464
159023...59    Eubalaena glacialis   GULF    p10    487               487            487        487                  487         253                327        195       18       0
159023...60    Eubalaena glacialis   GULF maxsss   4182              4182           4182       4182                 4182        2443               2837        873     1818     979
159023...61    Eubalaena glacialis    ATL    mtp  21346             21346          21346      21243                21233       20629              21346      20543    11758    7051
159023...62    Eubalaena glacialis    ATL    p10  14166             14166          14166      14166                14166       14133              14166      14159    10356    6531
159023...63    Eubalaena glacialis    ATL maxsss  18732             18732          18732      18716                18709       18230              18732      18278    11477    6986
